15:52:19  INFO      CLAIRE output started — date=2026-06-14  format=pdf
15:52:19  INFO      Track A candidates loaded from candidates_track_a.json
15:52:19  INFO      Track B candidates loaded from candidates_track_b.json
15:52:19  INFO      Track C candidates loaded from candidates_track_c.json
15:52:19  INFO      CLAIRE-A decisions loaded from claire_a_decisions_20260614_155218.json
15:52:19  INFO      PDF digest saved → /home/runner/work/CLAIRE/CLAIRE/output/claire_digest_2026-06-14_c8.pdf
15:52:19  INFO      cycle_state.json updated → last_completed_cycle=8
15:52:19  INFO      ════════════════════════════════════════════════════════════
15:52:19  INFO      CLAIRE output complete.
15:52:19  INFO      PDF digest: /home/runner/work/CLAIRE/CLAIRE/output/claire_digest_2026-06-14_c8.pdf
15:52:19  INFO      Track C: no candidates this cycle — techniques PDF skipped
15:48:06  INFO      CLAIRE output started — date=2026-06-21  format=pdf
15:48:06  INFO      Track A candidates loaded from candidates_track_a.json
15:48:06  INFO      Track B candidates loaded from candidates_track_b.json
15:48:06  INFO      Track C candidates loaded from candidates_track_c.json
15:48:06  INFO      CLAIRE-A decisions loaded from claire_a_decisions_20260621_154804.json
15:48:06  INFO      PDF digest saved → /home/runner/work/CLAIRE/CLAIRE/output/claire_digest_2026-06-21_c8.pdf
15:48:06  INFO      cycle_state.json updated → last_completed_cycle=8
15:48:06  INFO      ════════════════════════════════════════════════════════════
15:48:06  INFO      CLAIRE output complete.
15:48:06  INFO      PDF digest: /home/runner/work/CLAIRE/CLAIRE/output/claire_digest_2026-06-21_c8.pdf
15:48:06  INFO      Track C: no candidates this cycle — techniques PDF skipped
15:14:05  INFO      CLAIRE output started — date=2026-06-28  format=pdf
15:14:05  INFO      Track A candidates loaded from candidates_track_a.json
15:14:05  INFO      Track B candidates loaded from candidates_track_b.json
15:14:05  INFO      Track C candidates loaded from candidates_track_c.json
15:14:05  INFO      CLAIRE-A decisions loaded from claire_a_decisions_20260628_151403.json
15:14:05  INFO      PDF digest saved → /home/runner/work/CLAIRE/CLAIRE/output/claire_digest_2026-06-28_c10.pdf
15:14:05  INFO      cycle_state.json updated → last_completed_cycle=10
15:14:05  INFO      ════════════════════════════════════════════════════════════
15:14:05  INFO      CLAIRE output complete.
15:14:05  INFO      PDF digest: /home/runner/work/CLAIRE/CLAIRE/output/claire_digest_2026-06-28_c10.pdf
15:14:05  INFO      Track C: no candidates this cycle — techniques PDF skipped
18:32:37  INFO      CLAIRE output started — date=2026-06-28  format=pdf
18:32:37  INFO      Track A candidates loaded from candidates_track_a.json
18:32:37  INFO      Track B candidates loaded from candidates_track_b.json
18:32:37  INFO      Track C candidates loaded from candidates_track_c.json
18:32:37  INFO      CLAIRE-A decisions loaded from claire_a_decisions_20260628_183235.json
18:32:37  INFO      PDF digest saved → /home/runner/work/CLAIRE/CLAIRE/output/claire_digest_2026-06-28_c10.pdf
18:32:37  INFO      cycle_state.json updated → last_completed_cycle=10
18:32:37  INFO      ════════════════════════════════════════════════════════════
18:32:37  INFO      CLAIRE output complete.
18:32:37  INFO      PDF digest: /home/runner/work/CLAIRE/CLAIRE/output/claire_digest_2026-06-28_c10.pdf
18:32:37  INFO      Track C: no candidates this cycle — techniques PDF skipped
15:11:29  INFO      CLAIRE output started — date=2026-07-05  format=pdf
15:11:29  INFO      Track A candidates loaded from candidates_track_a.json
15:11:29  INFO      Track B candidates loaded from candidates_track_b.json
15:11:29  INFO      Track C candidates loaded from candidates_track_c.json
15:11:29  INFO      CLAIRE-A decisions loaded from claire_a_decisions_20260705_151127.json
15:11:29  INFO      PDF digest saved → /home/runner/work/CLAIRE/CLAIRE/output/claire_digest_2026-07-05_c10.pdf
15:11:29  INFO      cycle_state.json updated → last_completed_cycle=10
15:11:29  INFO      ════════════════════════════════════════════════════════════
15:11:29  INFO      CLAIRE output complete.
15:11:29  INFO      PDF digest: /home/runner/work/CLAIRE/CLAIRE/output/claire_digest_2026-07-05_c10.pdf
15:11:29  INFO      Track C: no candidates this cycle — techniques PDF skipped
14:52:33  INFO      CLAIRE output started — date=2026-07-12  format=pdf
14:52:33  INFO      Track A candidates loaded from candidates_track_a.json
14:52:33  INFO      Track B candidates loaded from candidates_track_b.json
14:52:33  INFO      Track C candidates loaded from candidates_track_c.json
14:52:33  INFO      CLAIRE-A decisions loaded from claire_a_decisions_20260712_145232.json
14:52:33  INFO      PDF digest saved → /home/runner/work/CLAIRE/CLAIRE/output/claire_digest_2026-07-12_c10.pdf
14:52:33  INFO      cycle_state.json updated → last_completed_cycle=10
14:52:33  INFO      ════════════════════════════════════════════════════════════
14:52:33  INFO      CLAIRE output complete.
14:52:33  INFO      PDF digest: /home/runner/work/CLAIRE/CLAIRE/output/claire_digest_2026-07-12_c10.pdf
14:52:33  INFO      Track C: no candidates this cycle — techniques PDF skipped
14:54:09  INFO      CLAIRE output started — date=2026-07-19  format=pdf
14:54:09  INFO      Track A candidates loaded from candidates_track_a.json
14:54:09  INFO      Track B candidates loaded from candidates_track_b.json
14:54:09  INFO      Track C candidates loaded from candidates_track_c.json
14:54:09  INFO      CLAIRE-A decisions loaded from claire_a_decisions_20260719_145408.json
14:54:09  INFO      PDF digest saved → /home/runner/work/CLAIRE/CLAIRE/output/claire_digest_2026-07-19_c10.pdf
14:54:09  INFO      cycle_state.json updated → last_completed_cycle=10
14:54:09  INFO      ════════════════════════════════════════════════════════════
14:54:09  INFO      CLAIRE output complete.
14:54:09  INFO      PDF digest: /home/runner/work/CLAIRE/CLAIRE/output/claire_digest_2026-07-19_c10.pdf
14:54:09  INFO      Track C techniques PDF saved → claire_techniques_20260719_145409_c10.pdf
14:54:09  INFO      Track C techniques PDF: claire_techniques_20260719_145409_c10.pdf
15:00:56  INFO      CLAIRE output started — date=2026-07-26  format=pdf
15:00:56  INFO      Track A candidates loaded from candidates_track_a.json
15:00:56  INFO      Track B candidates loaded from candidates_track_b.json
15:00:56  INFO      Track C candidates loaded from candidates_track_c.json
15:00:56  INFO      CLAIRE-A decisions loaded from claire_a_decisions_20260726_150054.json
15:00:56  INFO      PDF digest saved → /home/runner/work/CLAIRE/CLAIRE/output/claire_digest_2026-07-26_c14.pdf
15:00:56  INFO      cycle_state.json updated → last_completed_cycle=14
15:00:56  INFO      ════════════════════════════════════════════════════════════
15:00:56  INFO      CLAIRE output complete.
15:00:56  INFO      PDF digest: /home/runner/work/CLAIRE/CLAIRE/output/claire_digest_2026-07-26_c14.pdf
15:00:56  INFO      Track C: no candidates this cycle — techniques PDF skipped
14:59:36  INFO      CLAIRE output started — date=2026-08-02  format=pdf
14:59:36  INFO      Track A candidates loaded from candidates_track_a.json
14:59:36  INFO      Track B candidates loaded from candidates_track_b.json
14:59:36  INFO      Track C candidates loaded from candidates_track_c.json
14:59:36  INFO      CLAIRE-A decisions loaded from claire_a_decisions_20260802_145934.json
14:59:36  INFO      PDF digest saved → /home/runner/work/CLAIRE/CLAIRE/output/claire_digest_2026-08-02_c15.pdf
14:59:36  INFO      cycle_state.json updated → last_completed_cycle=15
14:59:36  INFO      ════════════════════════════════════════════════════════════
14:59:36  INFO      CLAIRE output complete.
14:59:36  INFO      PDF digest: /home/runner/work/CLAIRE/CLAIRE/output/claire_digest_2026-08-02_c15.pdf
14:59:36  INFO      Track C: no candidates this cycle — techniques PDF skipped
